// Jest Snapshot v1, https://goo.gl/fbAQLP

exports[`Matching Snapshot(s) renders correctly InputControl component 1`] = `
<div
  className="field"
>
  <div
    className="control"
  >
    <label
      className="label"
      htmlFor="first_name-input"
    >
      First Name
    </label>
    <input
      aria-describedby=""
      aria-invalid={false}
      className="input"
      data-testid="first_name-input"
      id="first_name-input"
      name="first_name"
      onChange={[Function]}
      rules="required"
      type="text"
      value=""
    />
  </div>
</div>
`;
